// Jest Snapshot v1, https://goo.gl/fbAQLP

exports[`Tests functionality of profile view 1`] = `
Object {
  "asFragment": [Function],
  "baseElement": <body>
    <div>
      <div
        class="Profile"
      >
        <header
          class="Header"
        >
          <h1
            class="headerLogo"
          >
            PIXL 2
          </h1>
          <div
            class="headerLinkContainer"
          >
            <a
              class="headerLink"
              href="/community"
            >
              Community Gallery
            </a>
            <a
              class="headerLink"
              href="/about"
            >
              About
            </a>
          </div>
        </header>
        <a
          href="/canvas"
        >
          <button>
            Create Image
          </button>
        </a>
        <div
          class="ProfileContainer"
        />
      </div>
    </div>
  </body>,
  "container": <div>
    <div
      class="Profile"
    >
      <header
        class="Header"
      >
        <h1
          class="headerLogo"
        >
          PIXL 2
        </h1>
        <div
          class="headerLinkContainer"
        >
          <a
            class="headerLink"
            href="/community"
          >
            Community Gallery
          </a>
          <a
            class="headerLink"
            href="/about"
          >
            About
          </a>
        </div>
      </header>
      <a
        href="/canvas"
      >
        <button>
          Create Image
        </button>
      </a>
      <div
        class="ProfileContainer"
      />
    </div>
  </div>,
  "debug": [Function],
  "findAllByAltText": [Function],
  "findAllByDisplayValue": [Function],
  "findAllByLabelText": [Function],
  "findAllByPlaceholderText": [Function],
  "findAllByRole": [Function],
  "findAllByTestId": [Function],
  "findAllByText": [Function],
  "findAllByTitle": [Function],
  "findByAltText": [Function],
  "findByDisplayValue": [Function],
  "findByLabelText": [Function],
  "findByPlaceholderText": [Function],
  "findByRole": [Function],
  "findByTestId": [Function],
  "findByText": [Function],
  "findByTitle": [Function],
  "getAllByAltText": [Function],
  "getAllByDisplayValue": [Function],
  "getAllByLabelText": [Function],
  "getAllByPlaceholderText": [Function],
  "getAllByRole": [Function],
  "getAllByTestId": [Function],
  "getAllByText": [Function],
  "getAllByTitle": [Function],
  "getByAltText": [Function],
  "getByDisplayValue": [Function],
  "getByLabelText": [Function],
  "getByPlaceholderText": [Function],
  "getByRole": [Function],
  "getByTestId": [Function],
  "getByText": [Function],
  "getByTitle": [Function],
  "queryAllByAltText": [Function],
  "queryAllByDisplayValue": [Function],
  "queryAllByLabelText": [Function],
  "queryAllByPlaceholderText": [Function],
  "queryAllByRole": [Function],
  "queryAllByTestId": [Function],
  "queryAllByText": [Function],
  "queryAllByTitle": [Function],
  "queryByAltText": [Function],
  "queryByDisplayValue": [Function],
  "queryByLabelText": [Function],
  "queryByPlaceholderText": [Function],
  "queryByRole": [Function],
  "queryByTestId": [Function],
  "queryByText": [Function],
  "queryByTitle": [Function],
  "rerender": [Function],
  "unmount": [Function],
}
`;
