// Jest Snapshot v1, https://goo.gl/fbAQLP

exports[`Community Tests functionality of Community view 1`] = `
<div>
  <div
    class="communityContainer"
  >
    <header
      class="Header"
    >
      <img
        class="headerLogo"
        src="/path/image"
      />
      <div
        class="headerLinkContainer"
      >
        <a
          class="headerLink"
          href="/profile"
        >
          Profile
        </a>
        <a
          class="headerLink"
          href="/about"
        >
          About
        </a>
        <button
          class="headerButton"
        >
          SIGN OUT
        </button>
      </div>
    </header>
    <div
      class="communityContainer"
    >
      <div
        class="communityHeader"
      >
        <h1
          class="communityTitle"
        >
          Community Gallery
        </h1>
        <p
          class="communityCaption"
        >
          Hey, pixel people! Check out all of the awesome art that has been created by our community.
        </p>
      </div>
      <a
        href="/canvas"
      >
        <button
          class="createButton"
        >
          CREATE IMAGE
        </button>
      </a>
      <div
        class="imageContainer"
      />
    </div>
  </div>
</div>
`;
